[debug] [2026-04-01T19:54:47.322Z] ----------------------------------------------------------------------
[debug] [2026-04-01T19:54:47.324Z] Command:       C:\Program Files\nodejs\node.exe C:\Users\skeet\AppData\Roaming\npm\node_modules\firebase-tools\lib\bin\firebase.js deploy --only functions
[debug] [2026-04-01T19:54:47.324Z] CLI Version:   15.6.0
[debug] [2026-04-01T19:54:47.324Z] Platform:      win32
[debug] [2026-04-01T19:54:47.324Z] Node Version:  v24.13.1
[debug] [2026-04-01T19:54:47.324Z] Time:          Thu Apr 02 2026 03:54:47 GMT+0800 (Philippine Standard Time)
[debug] [2026-04-01T19:54:47.324Z] ----------------------------------------------------------------------
[debug] 
[debug] [2026-04-01T19:54:47.326Z] >>> [apiv2][query] GET https://firebase-public.firebaseio.com/cli.json [none]
[debug] [2026-04-01T19:54:49.160Z] > command requires scopes: ["email","openid","https://www.googleapis.com/auth/cloudplatformprojects.readonly","https://www.googleapis.com/auth/firebase","https://www.googleapis.com/auth/cloud-platform"]
[debug] [2026-04-01T19:54:49.160Z] > authorizing via signed-in user (skeeterdamian@gmail.com)
[debug] [2026-04-01T19:54:49.160Z] [iam] checking project campus-27dd9 for permissions ["cloudfunctions.functions.create","cloudfunctions.functions.delete","cloudfunctions.functions.get","cloudfunctions.functions.list","cloudfunctions.functions.update","cloudfunctions.operations.get","firebase.projects.get"]
[debug] [2026-04-01T19:54:49.161Z] Checked if tokens are valid: true, expires at: 1775076260943
[debug] [2026-04-01T19:54:49.161Z] Checked if tokens are valid: true, expires at: 1775076260943
[debug] [2026-04-01T19:54:49.161Z] >>> [apiv2][query] POST https://cloudresourcemanager.googleapis.com/v1/projects/campus-27dd9:testIamPermissions [none]
[debug] [2026-04-01T19:54:49.162Z] >>> [apiv2][(partial)header] POST https://cloudresourcemanager.googleapis.com/v1/projects/campus-27dd9:testIamPermissions  x-goog-user-project=campus-27dd9
[debug] [2026-04-01T19:54:49.162Z] >>> [apiv2][body] POST https://cloudresourcemanager.googleapis.com/v1/projects/campus-27dd9:testIamPermissions {"permissions":["cloudfunctions.functions.create","cloudfunctions.functions.delete","cloudfunctions.functions.get","cloudfunctions.functions.list","cloudfunctions.functions.update","cloudfunctions.operations.get","firebase.projects.get"]}
[debug] [2026-04-01T19:54:49.754Z] <<< [apiv2][status] GET https://firebase-public.firebaseio.com/cli.json 200
[debug] [2026-04-01T19:54:49.754Z] <<< [apiv2][body] GET https://firebase-public.firebaseio.com/cli.json {"cloudBuildErrorAfter":1594252800000,"cloudBuildWarnAfter":1590019200000,"defaultNode10After":1594252800000,"minVersion":"3.0.5","node8DeploysDisabledAfter":1613390400000,"node8RuntimeDisabledAfter":1615809600000,"node8WarnAfter":1600128000000}
[debug] [2026-04-01T19:54:50.202Z] <<< [apiv2][status] POST https://cloudresourcemanager.googleapis.com/v1/projects/campus-27dd9:testIamPermissions 200
[debug] [2026-04-01T19:54:50.203Z] <<< [apiv2][body] POST https://cloudresourcemanager.googleapis.com/v1/projects/campus-27dd9:testIamPermissions {"permissions":["cloudfunctions.functions.create","cloudfunctions.functions.delete","cloudfunctions.functions.get","cloudfunctions.functions.list","cloudfunctions.functions.update","cloudfunctions.operations.get","firebase.projects.get"]}
[debug] [2026-04-01T19:54:50.203Z] Checked if tokens are valid: true, expires at: 1775076260943
[debug] [2026-04-01T19:54:50.203Z] Checked if tokens are valid: true, expires at: 1775076260943
[debug] [2026-04-01T19:54:50.203Z] >>> [apiv2][query] POST https://iam.googleapis.com/v1/projects/campus-27dd9/serviceAccounts/campus-27dd9@appspot.gserviceaccount.com:testIamPermissions [none]
[debug] [2026-04-01T19:54:50.203Z] >>> [apiv2][body] POST https://iam.googleapis.com/v1/projects/campus-27dd9/serviceAccounts/campus-27dd9@appspot.gserviceaccount.com:testIamPermissions {"permissions":["iam.serviceAccounts.actAs"]}
[debug] [2026-04-01T19:54:51.493Z] <<< [apiv2][status] POST https://iam.googleapis.com/v1/projects/campus-27dd9/serviceAccounts/campus-27dd9@appspot.gserviceaccount.com:testIamPermissions 200
[debug] [2026-04-01T19:54:51.493Z] <<< [apiv2][body] POST https://iam.googleapis.com/v1/projects/campus-27dd9/serviceAccounts/campus-27dd9@appspot.gserviceaccount.com:testIamPermissions {"permissions":["iam.serviceAccounts.actAs"]}
[info] 
[info] === Deploying to 'campus-27dd9'...
[info] 
[info] i  deploying functions 
[debug] [2026-04-01T19:54:51.495Z] Checked if tokens are valid: true, expires at: 1775076260943
[debug] [2026-04-01T19:54:51.495Z] Checked if tokens are valid: true, expires at: 1775076260943
[debug] [2026-04-01T19:54:51.495Z] >>> [apiv2][query] GET https://cloudresourcemanager.googleapis.com/v1/projects/campus-27dd9 [none]
[debug] [2026-04-01T19:54:51.708Z] <<< [apiv2][status] GET https://cloudresourcemanager.googleapis.com/v1/projects/campus-27dd9 200
[debug] [2026-04-01T19:54:51.708Z] <<< [apiv2][body] GET https://cloudresourcemanager.googleapis.com/v1/projects/campus-27dd9 {"projectNumber":"824074040304","projectId":"campus-27dd9","lifecycleState":"ACTIVE","name":"CAMPUS","labels":{"firebase":"enabled","firebase-core":"disabled"},"createTime":"2026-02-06T14:12:33.966915Z"}
[info] i  functions: preparing codebase default for deployment 
[info] i  functions: ensuring required API cloudfunctions.googleapis.com is enabled... 
[info] i  functions: ensuring required API cloudbuild.googleapis.com is enabled... 
[info] i  artifactregistry: ensuring required API artifactregistry.googleapis.com is enabled... 
[debug] [2026-04-01T19:54:51.709Z] Checked if tokens are valid: true, expires at: 1775076260943
[debug] [2026-04-01T19:54:51.710Z] Checked if tokens are valid: true, expires at: 1775076260943
[debug] [2026-04-01T19:54:51.710Z] >>> [apiv2][query] GET https://firebase.googleapis.com/v1beta1/projects/campus-27dd9/adminSdkConfig [none]
[debug] [2026-04-01T19:54:53.139Z] <<< [apiv2][status] GET https://firebase.googleapis.com/v1beta1/projects/campus-27dd9/adminSdkConfig 200
[debug] [2026-04-01T19:54:53.139Z] <<< [apiv2][body] GET https://firebase.googleapis.com/v1beta1/projects/campus-27dd9/adminSdkConfig {"projectId":"campus-27dd9","storageBucket":"campus-27dd9.firebasestorage.app"}
[debug] [2026-04-01T19:54:53.140Z] Validating nodejs source
[warn] !  functions: Runtime Node.js 20 will be deprecated on 2026-04-30 and will be decommissioned on 2026-10-30, after which you will not be able to deploy without upgrading. Consider upgrading now to avoid disruption. See https://cloud.google.com/functions/docs/runtime-support for full details on the lifecycle policy 
[warn] !  functions: package.json indicates an outdated version of firebase-functions. Please upgrade using npm install --save firebase-functions@latest in your functions directory. 
[debug] [2026-04-01T19:54:53.951Z] > [functions] package.json contents: {
  "name": "functions",
  "scripts": {
    "lint": "eslint .",
    "build": "tsc",
    "build:watch": "tsc --watch",
    "serve": "npm run build && firebase emulators:start --only functions",
    "shell": "npm run build && firebase functions:shell",
    "start": "npm run shell",
    "deploy": "firebase deploy --only functions",
    "logs": "firebase functions:log"
  },
  "engines": {
    "node": "20"
  },
  "main": "lib/index.js",
  "dependencies": {
    "firebase-admin": "^13.6.0",
    "firebase-functions": "^7.0.0"
  },
  "devDependencies": {
    "@typescript-eslint/eslint-plugin": "^5.12.0",
    "@typescript-eslint/parser": "^5.12.0",
    "eslint": "^8.9.0",
    "eslint-config-google": "^0.14.0",
    "eslint-plugin-import": "^2.25.4",
    "firebase-functions-test": "^3.4.1",
    "typescript": "^5.7.3"
  },
  "private": true
}
[error] 
[error] Error: There was an error reading functions\package.json:

 functions\lib\index.js does not exist, can't deploy Cloud Functions
[debug] [2026-04-01T19:55:20.006Z] ----------------------------------------------------------------------
[debug] [2026-04-01T19:55:20.008Z] Command:       C:\Program Files\nodejs\node.exe C:\Users\skeet\AppData\Roaming\npm\node_modules\firebase-tools\lib\bin\firebase.js deploy --only functions
[debug] [2026-04-01T19:55:20.008Z] CLI Version:   15.6.0
[debug] [2026-04-01T19:55:20.008Z] Platform:      win32
[debug] [2026-04-01T19:55:20.008Z] Node Version:  v24.13.1
[debug] [2026-04-01T19:55:20.008Z] Time:          Thu Apr 02 2026 03:55:20 GMT+0800 (Philippine Standard Time)
[debug] [2026-04-01T19:55:20.008Z] ----------------------------------------------------------------------
[debug] 
[debug] [2026-04-01T19:55:20.959Z] > command requires scopes: ["email","openid","https://www.googleapis.com/auth/cloudplatformprojects.readonly","https://www.googleapis.com/auth/firebase","https://www.googleapis.com/auth/cloud-platform"]
[debug] [2026-04-01T19:55:20.960Z] > authorizing via signed-in user (skeeterdamian@gmail.com)
[debug] [2026-04-01T19:55:20.960Z] [iam] checking project campus-27dd9 for permissions ["cloudfunctions.functions.create","cloudfunctions.functions.delete","cloudfunctions.functions.get","cloudfunctions.functions.list","cloudfunctions.functions.update","cloudfunctions.operations.get","firebase.projects.get"]
[debug] [2026-04-01T19:55:20.961Z] Checked if tokens are valid: true, expires at: 1775076260943
[debug] [2026-04-01T19:55:20.961Z] Checked if tokens are valid: true, expires at: 1775076260943
[debug] [2026-04-01T19:55:20.962Z] >>> [apiv2][query] POST https://cloudresourcemanager.googleapis.com/v1/projects/campus-27dd9:testIamPermissions [none]
[debug] [2026-04-01T19:55:20.962Z] >>> [apiv2][(partial)header] POST https://cloudresourcemanager.googleapis.com/v1/projects/campus-27dd9:testIamPermissions  x-goog-user-project=campus-27dd9
[debug] [2026-04-01T19:55:20.962Z] >>> [apiv2][body] POST https://cloudresourcemanager.googleapis.com/v1/projects/campus-27dd9:testIamPermissions {"permissions":["cloudfunctions.functions.create","cloudfunctions.functions.delete","cloudfunctions.functions.get","cloudfunctions.functions.list","cloudfunctions.functions.update","cloudfunctions.operations.get","firebase.projects.get"]}
[debug] [2026-04-01T19:55:21.948Z] <<< [apiv2][status] POST https://cloudresourcemanager.googleapis.com/v1/projects/campus-27dd9:testIamPermissions 200
[debug] [2026-04-01T19:55:21.948Z] <<< [apiv2][body] POST https://cloudresourcemanager.googleapis.com/v1/projects/campus-27dd9:testIamPermissions {"permissions":["cloudfunctions.functions.create","cloudfunctions.functions.delete","cloudfunctions.functions.get","cloudfunctions.functions.list","cloudfunctions.functions.update","cloudfunctions.operations.get","firebase.projects.get"]}
[debug] [2026-04-01T19:55:21.948Z] Checked if tokens are valid: true, expires at: 1775076260943
[debug] [2026-04-01T19:55:21.948Z] Checked if tokens are valid: true, expires at: 1775076260943
[debug] [2026-04-01T19:55:21.949Z] >>> [apiv2][query] POST https://iam.googleapis.com/v1/projects/campus-27dd9/serviceAccounts/campus-27dd9@appspot.gserviceaccount.com:testIamPermissions [none]
[debug] [2026-04-01T19:55:21.949Z] >>> [apiv2][body] POST https://iam.googleapis.com/v1/projects/campus-27dd9/serviceAccounts/campus-27dd9@appspot.gserviceaccount.com:testIamPermissions {"permissions":["iam.serviceAccounts.actAs"]}
[debug] [2026-04-01T19:55:23.139Z] <<< [apiv2][status] POST https://iam.googleapis.com/v1/projects/campus-27dd9/serviceAccounts/campus-27dd9@appspot.gserviceaccount.com:testIamPermissions 200
[debug] [2026-04-01T19:55:23.139Z] <<< [apiv2][body] POST https://iam.googleapis.com/v1/projects/campus-27dd9/serviceAccounts/campus-27dd9@appspot.gserviceaccount.com:testIamPermissions {"permissions":["iam.serviceAccounts.actAs"]}
[info] 
[info] === Deploying to 'campus-27dd9'...
[info] 
[info] i  deploying functions 
[debug] [2026-04-01T19:55:23.141Z] Checked if tokens are valid: true, expires at: 1775076260943
[debug] [2026-04-01T19:55:23.141Z] Checked if tokens are valid: true, expires at: 1775076260943
[debug] [2026-04-01T19:55:23.141Z] >>> [apiv2][query] GET https://cloudresourcemanager.googleapis.com/v1/projects/campus-27dd9 [none]
[debug] [2026-04-01T19:55:23.338Z] <<< [apiv2][status] GET https://cloudresourcemanager.googleapis.com/v1/projects/campus-27dd9 200
[debug] [2026-04-01T19:55:23.338Z] <<< [apiv2][body] GET https://cloudresourcemanager.googleapis.com/v1/projects/campus-27dd9 {"projectNumber":"824074040304","projectId":"campus-27dd9","lifecycleState":"ACTIVE","name":"CAMPUS","labels":{"firebase":"enabled","firebase-core":"disabled"},"createTime":"2026-02-06T14:12:33.966915Z"}
[info] i  functions: preparing codebase default for deployment 
[info] i  functions: ensuring required API cloudfunctions.googleapis.com is enabled... 
[info] i  functions: ensuring required API cloudbuild.googleapis.com is enabled... 
[info] i  artifactregistry: ensuring required API artifactregistry.googleapis.com is enabled... 
[debug] [2026-04-01T19:55:23.339Z] Checked if tokens are valid: true, expires at: 1775076260943
[debug] [2026-04-01T19:55:23.339Z] Checked if tokens are valid: true, expires at: 1775076260943
[debug] [2026-04-01T19:55:23.339Z] >>> [apiv2][query] GET https://firebase.googleapis.com/v1beta1/projects/campus-27dd9/adminSdkConfig [none]
[debug] [2026-04-01T19:55:24.737Z] <<< [apiv2][status] GET https://firebase.googleapis.com/v1beta1/projects/campus-27dd9/adminSdkConfig 200
[debug] [2026-04-01T19:55:24.737Z] <<< [apiv2][body] GET https://firebase.googleapis.com/v1beta1/projects/campus-27dd9/adminSdkConfig {"projectId":"campus-27dd9","storageBucket":"campus-27dd9.firebasestorage.app"}
[debug] [2026-04-01T19:55:24.739Z] Validating nodejs source
[warn] !  functions: Runtime Node.js 20 will be deprecated on 2026-04-30 and will be decommissioned on 2026-10-30, after which you will not be able to deploy without upgrading. Consider upgrading now to avoid disruption. See https://cloud.google.com/functions/docs/runtime-support for full details on the lifecycle policy 
[warn] !  functions: package.json indicates an outdated version of firebase-functions. Please upgrade using npm install --save firebase-functions@latest in your functions directory. 
[debug] [2026-04-01T19:55:25.345Z] > [functions] package.json contents: {
  "name": "functions",
  "scripts": {
    "lint": "eslint .",
    "build": "tsc",
    "build:watch": "tsc --watch",
    "serve": "npm run build && firebase emulators:start --only functions",
    "shell": "npm run build && firebase functions:shell",
    "start": "npm run shell",
    "deploy": "firebase deploy --only functions",
    "logs": "firebase functions:log"
  },
  "engines": {
    "node": "20"
  },
  "main": "lib/index.js",
  "dependencies": {
    "firebase-admin": "^13.6.0",
    "firebase-functions": "^7.0.0"
  },
  "devDependencies": {
    "@typescript-eslint/eslint-plugin": "^5.12.0",
    "@typescript-eslint/parser": "^5.12.0",
    "eslint": "^8.9.0",
    "eslint-config-google": "^0.14.0",
    "eslint-plugin-import": "^2.25.4",
    "firebase-functions-test": "^3.4.1",
    "typescript": "^5.7.3"
  },
  "private": true
}
[debug] [2026-04-01T19:55:25.345Z] Building nodejs source
[info] i  functions: Loading and analyzing source code for codebase default to determine what to deploy 
[debug] [2026-04-01T19:55:25.346Z] Could not find functions.yaml. Must use http discovery
[debug] [2026-04-01T19:55:25.354Z] Found firebase-functions binary at 'F:\campus-management-system\campus-management-system\node_modules\.bin\firebase-functions'
[info] Serving at port 8904

[error] (node:4352) [DEP0040] DeprecationWarning: The `punycode` module is deprecated. Please use a userland alternative instead.
(Use `node --trace-deprecation ...` to show where the warning was created)

[debug] [2026-04-01T19:55:25.983Z] Got response from /__/functions.yaml {"endpoints":{"adminCreateUser":{"platform":"gcfv1","labels":{},"availableMemoryMb":null,"timeoutSeconds":null,"minInstances":null,"maxInstances":null,"ingressSettings":null,"serviceAccountEmail":null,"vpc":null,"region":["asia-southeast1"],"callableTrigger":{},"entryPoint":"adminCreateUser"},"adminUpsertPortableDevice":{"platform":"gcfv1","labels":{},"availableMemoryMb":null,"timeoutSeconds":null,"minInstances":null,"maxInstances":null,"ingressSettings":null,"serviceAccountEmail":null,"vpc":null,"region":["asia-southeast1"],"callableTrigger":{},"entryPoint":"adminUpsertPortableDevice"},"campusDeviceLatestEvent":{"platform":"gcfv1","availableMemoryMb":null,"timeoutSeconds":null,"minInstances":null,"maxInstances":null,"ingressSettings":null,"serviceAccountEmail":null,"vpc":null,"region":["asia-southeast1"],"httpsTrigger":{},"entryPoint":"campusDeviceLatestEvent"},"campusDeviceConfirmPairing":{"platform":"gcfv1","availableMemoryMb":null,"timeoutSeconds":null,"minInstances":null,"maxInstances":null,"ingressSettings":null,"serviceAccountEmail":null,"vpc":null,"region":["asia-southeast1"],"httpsTrigger":{},"entryPoint":"campusDeviceConfirmPairing"},"campusDevicePendingEnrollments":{"platform":"gcfv1","availableMemoryMb":null,"timeoutSeconds":null,"minInstances":null,"maxInstances":null,"ingressSettings":null,"serviceAccountEmail":null,"vpc":null,"region":["asia-southeast1"],"httpsTrigger":{},"entryPoint":"campusDevicePendingEnrollments"},"campusDeviceSubmitEnrollment":{"platform":"gcfv1","availableMemoryMb":null,"timeoutSeconds":null,"minInstances":null,"maxInstances":null,"ingressSettings":null,"serviceAccountEmail":null,"vpc":null,"region":["asia-southeast1"],"httpsTrigger":{},"entryPoint":"campusDeviceSubmitEnrollment"},"campusDeviceSyncAttendance":{"platform":"gcfv1","availableMemoryMb":null,"timeoutSeconds":null,"minInstances":null,"maxInstances":null,"ingressSettings":null,"serviceAccountEmail":null,"vpc":null,"region":["asia-southeast1"],"httpsTrigger":{},"entryPoint":"campusDeviceSyncAttendance"}},"specVersion":"v1alpha1","requiredAPIs":[],"extensions":{}}
[info] i  extensions: ensuring required API firebaseextensions.googleapis.com is enabled... 
[debug] [2026-04-01T19:55:30.018Z] > command requires scopes: ["email","openid","https://www.googleapis.com/auth/cloudplatformprojects.readonly","https://www.googleapis.com/auth/firebase","https://www.googleapis.com/auth/cloud-platform"]
[debug] [2026-04-01T19:55:30.018Z] > authorizing via signed-in user (skeeterdamian@gmail.com)
[debug] [2026-04-01T19:55:30.018Z] [iam] checking project campus-27dd9 for permissions ["firebase.projects.get","firebaseextensions.instances.list"]
[debug] [2026-04-01T19:55:30.019Z] Checked if tokens are valid: true, expires at: 1775076260943
[debug] [2026-04-01T19:55:30.019Z] Checked if tokens are valid: true, expires at: 1775076260943
[debug] [2026-04-01T19:55:30.019Z] >>> [apiv2][query] POST https://cloudresourcemanager.googleapis.com/v1/projects/campus-27dd9:testIamPermissions [none]
[debug] [2026-04-01T19:55:30.019Z] >>> [apiv2][(partial)header] POST https://cloudresourcemanager.googleapis.com/v1/projects/campus-27dd9:testIamPermissions  x-goog-user-project=campus-27dd9
[debug] [2026-04-01T19:55:30.019Z] >>> [apiv2][body] POST https://cloudresourcemanager.googleapis.com/v1/projects/campus-27dd9:testIamPermissions {"permissions":["firebase.projects.get","firebaseextensions.instances.list"]}
[debug] [2026-04-01T19:55:30.985Z] <<< [apiv2][status] POST https://cloudresourcemanager.googleapis.com/v1/projects/campus-27dd9:testIamPermissions 200
[debug] [2026-04-01T19:55:30.985Z] <<< [apiv2][body] POST https://cloudresourcemanager.googleapis.com/v1/projects/campus-27dd9:testIamPermissions {"permissions":["firebase.projects.get","firebaseextensions.instances.list"]}
[debug] [2026-04-01T19:55:30.985Z] Checked if tokens are valid: true, expires at: 1775076260943
[debug] [2026-04-01T19:55:30.985Z] Checked if tokens are valid: true, expires at: 1775076260943
[debug] [2026-04-01T19:55:30.986Z] >>> [apiv2][query] GET https://firebaseextensions.googleapis.com/v1beta/projects/campus-27dd9/instances pageSize=100&pageToken=
[debug] [2026-04-01T19:55:32.214Z] <<< [apiv2][status] GET https://firebaseextensions.googleapis.com/v1beta/projects/campus-27dd9/instances 200
[debug] [2026-04-01T19:55:32.214Z] <<< [apiv2][body] GET https://firebaseextensions.googleapis.com/v1beta/projects/campus-27dd9/instances {}
[info] i  functions: preparing functions directory for uploading... 
[info] i  functions: packaged F:\campus-management-system\campus-management-system\functions (109.05 KB) for uploading 
[debug] [2026-04-01T19:55:32.243Z] Checked if tokens are valid: true, expires at: 1775076260943
[debug] [2026-04-01T19:55:32.243Z] Checked if tokens are valid: true, expires at: 1775076260943
[debug] [2026-04-01T19:55:32.243Z] >>> [apiv2][query] GET https://cloudfunctions.googleapis.com/v1/projects/campus-27dd9/locations/-/functions [none]
[debug] [2026-04-01T19:55:33.304Z] <<< [apiv2][status] GET https://cloudfunctions.googleapis.com/v1/projects/campus-27dd9/locations/-/functions 200
[debug] [2026-04-01T19:55:33.304Z] <<< [apiv2][body] GET https://cloudfunctions.googleapis.com/v1/projects/campus-27dd9/locations/-/functions {}
[debug] [2026-04-01T19:55:33.305Z] Checked if tokens are valid: true, expires at: 1775076260943
[debug] [2026-04-01T19:55:33.305Z] Checked if tokens are valid: true, expires at: 1775076260943
[debug] [2026-04-01T19:55:33.305Z] >>> [apiv2][query] GET https://cloudfunctions.googleapis.com/v2/projects/campus-27dd9/locations/-/functions filter=environment%3D%22GEN_2%22
[debug] [2026-04-01T19:55:34.908Z] <<< [apiv2][status] GET https://cloudfunctions.googleapis.com/v2/projects/campus-27dd9/locations/-/functions 200
[debug] [2026-04-01T19:55:34.908Z] <<< [apiv2][body] GET https://cloudfunctions.googleapis.com/v2/projects/campus-27dd9/locations/-/functions {"functions":[{"name":"projects/campus-27dd9/locations/asia-southeast1/functions/adminCreateUser","buildConfig":{"build":"projects/824074040304/locations/asia-southeast1/builds/4c22e624-ce02-489e-85f0-573083ea3805","runtime":"nodejs24","entryPoint":"adminCreateUser","source":{"storageSource":{"bucket":"gcf-v2-sources-824074040304-asia-southeast1","object":"adminCreateUser/function-source.zip","generation":"1771449401422626"}},"environmentVariables":{"GOOGLE_NODE_RUN_SCRIPTS":""},"dockerRepository":"projects/campus-27dd9/locations/asia-southeast1/repositories/gcf-artifacts","sourceProvenance":{"resolvedStorageSource":{"bucket":"gcf-v2-sources-824074040304-asia-southeast1","object":"adminCreateUser/function-source.zip","generation":"1771449401422626"}},"dockerRegistry":"ARTIFACT_REGISTRY","serviceAccount":"projects/campus-27dd9/serviceAccounts/824074040304-compute@developer.gserviceaccount.com","automaticUpdatePolicy":{}},"serviceConfig":{"service":"projects/campus-27dd9/locations/asia-southeast1/services/admincreateuser","timeoutSeconds":60,"environmentVariables":{"FIREBASE_CONFIG":"{\"projectId\":\"campus-27dd9\",\"storageBucket\":\"campus-27dd9.firebasestorage.app\"}","GCLOUD_PROJECT":"campus-27dd9","EVENTARC_CLOUD_EVENT_SOURCE":"projects/campus-27dd9/locations/asia-southeast1/services/adminCreateUser","FUNCTION_TARGET":"adminCreateUser","LOG_EXECUTION_ID":"true","FUNCTION_SIGNATURE_TYPE":"http"},"maxInstanceCount":20,"ingressSettings":"ALLOW_ALL","uri":"https://admincreateuser-7jan6jhp2q-as.a.run.app","serviceAccountEmail":"824074040304-compute@developer.gserviceaccount.com","availableMemory":"256Mi","allTrafficOnLatestRevision":true,"revision":"admincreateuser-00003-ciq","maxInstanceRequestConcurrency":80,"availableCpu":"1"},"state":"ACTIVE","updateTime":"2026-02-18T21:16:48.908788228Z","labels":{"deployment-tool":"cli-firebase","deployment-callable":"true","firebase-functions-hash":"f2ce15fb4dad2140ab29a943073c57da1cd8293a"},"environment":"GEN_2","url":"https://asia-southeast1-campus-27dd9.cloudfunctions.net/adminCreateUser","satisfiesPzs":true,"createTime":"2026-02-17T21:05:11.774743039Z","satisfiesPzi":true},{"name":"projects/campus-27dd9/locations/asia-southeast1/functions/adminDeleteUser","buildConfig":{"build":"projects/824074040304/locations/asia-southeast1/builds/4c22e624-ce02-489e-85f0-573083ea3805","runtime":"nodejs24","entryPoint":"adminDeleteUser","source":{"storageSource":{"bucket":"gcf-v2-sources-824074040304-asia-southeast1","object":"adminDeleteUser/function-source.zip","generation":"1771449401691916"}},"environmentVariables":{"GOOGLE_NODE_RUN_SCRIPTS":""},"dockerRepository":"projects/campus-27dd9/locations/asia-southeast1/repositories/gcf-artifacts","sourceProvenance":{"resolvedStorageSource":{"bucket":"gcf-v2-sources-824074040304-asia-southeast1","object":"adminDeleteUser/function-source.zip","generation":"1771449401691916"}},"dockerRegistry":"ARTIFACT_REGISTRY","serviceAccount":"projects/campus-27dd9/serviceAccounts/824074040304-compute@developer.gserviceaccount.com","automaticUpdatePolicy":{}},"serviceConfig":{"service":"projects/campus-27dd9/locations/asia-southeast1/services/admindeleteuser","timeoutSeconds":60,"environmentVariables":{"FIREBASE_CONFIG":"{\"projectId\":\"campus-27dd9\",\"storageBucket\":\"campus-27dd9.firebasestorage.app\"}","GCLOUD_PROJECT":"campus-27dd9","EVENTARC_CLOUD_EVENT_SOURCE":"projects/campus-27dd9/locations/asia-southeast1/services/adminDeleteUser","FUNCTION_TARGET":"adminDeleteUser","LOG_EXECUTION_ID":"true","FUNCTION_SIGNATURE_TYPE":"http"},"maxInstanceCount":20,"ingressSettings":"ALLOW_ALL","uri":"https://admindeleteuser-7jan6jhp2q-as.a.run.app","serviceAccountEmail":"824074040304-compute@developer.gserviceaccount.com","availableMemory":"256Mi","allTrafficOnLatestRevision":true,"revision":"admindeleteuser-00003-tip","maxInstanceRequestConcurrency":80,"availableCpu":"1"},"state":"ACTIVE","updateTime":"2026-02-18T21:16:48.603799121Z","labels":{"deployment-tool":"cli-firebase","deployment-callable":"true","firebase-functions-hash":"f2ce15fb4dad2140ab29a943073c57da1cd8293a"},"environment":"GEN_2","url":"https://asia-southeast1-campus-27dd9.cloudfunctions.net/adminDeleteUser","satisfiesPzs":true,"createTime":"2026-02-17T21:06:23.194704999Z","satisfiesPzi":true},{"name":"projects/campus-27dd9/locations/asia-southeast1/functions/ecListStudents","buildConfig":{"build":"projects/824074040304/locations/asia-southeast1/builds/4c22e624-ce02-489e-85f0-573083ea3805","runtime":"nodejs24","entryPoint":"ecListStudents","source":{"storageSource":{"bucket":"gcf-v2-sources-824074040304-asia-southeast1","object":"ecListStudents/function-source.zip","generation":"1771449350421579"}},"environmentVariables":{"GOOGLE_NODE_RUN_SCRIPTS":""},"dockerRepository":"projects/campus-27dd9/locations/asia-southeast1/repositories/gcf-artifacts","sourceProvenance":{"resolvedStorageSource":{"bucket":"gcf-v2-sources-824074040304-asia-southeast1","object":"ecListStudents/function-source.zip","generation":"1771449350421579"}},"dockerRegistry":"ARTIFACT_REGISTRY","serviceAccount":"projects/campus-27dd9/serviceAccounts/824074040304-compute@developer.gserviceaccount.com","automaticUpdatePolicy":{}},"serviceConfig":{"service":"projects/campus-27dd9/locations/asia-southeast1/services/ecliststudents","timeoutSeconds":60,"environmentVariables":{"FIREBASE_CONFIG":"{\"projectId\":\"campus-27dd9\",\"storageBucket\":\"campus-27dd9.firebasestorage.app\"}","GCLOUD_PROJECT":"campus-27dd9","EVENTARC_CLOUD_EVENT_SOURCE":"projects/campus-27dd9/locations/asia-southeast1/services/ecListStudents","FUNCTION_TARGET":"ecListStudents","LOG_EXECUTION_ID":"true"},"ingressSettings":"ALLOW_ALL","uri":"https://ecliststudents-7jan6jhp2q-as.a.run.app","serviceAccountEmail":"824074040304-compute@developer.gserviceaccount.com","availableMemory":"256Mi","allTrafficOnLatestRevision":true,"revision":"ecliststudents-00001-rer","maxInstanceRequestConcurrency":80,"availableCpu":"1"},"state":"ACTIVE","updateTime":"2026-02-18T21:16:44.279534892Z","labels":{"deployment-callable":"true","firebase-functions-hash":"f2ce15fb4dad2140ab29a943073c57da1cd8293a","deployment-tool":"cli-firebase"},"environment":"GEN_2","url":"https://asia-southeast1-campus-27dd9.cloudfunctions.net/ecListStudents","satisfiesPzs":true,"createTime":"2026-02-18T21:15:50.951395003Z","satisfiesPzi":true},{"name":"projects/campus-27dd9/locations/asia-southeast1/functions/ecCreateStudent","buildConfig":{"build":"projects/824074040304/locations/asia-southeast1/builds/4c22e624-ce02-489e-85f0-573083ea3805","runtime":"nodejs24","entryPoint":"ecCreateStudent","source":{"storageSource":{"bucket":"gcf-v2-sources-824074040304-asia-southeast1","object":"ecCreateStudent/function-source.zip","generation":"1771449401506843"}},"environmentVariables":{"GOOGLE_NODE_RUN_SCRIPTS":""},"dockerRepository":"projects/campus-27dd9/locations/asia-southeast1/repositories/gcf-artifacts","sourceProvenance":{"resolvedStorageSource":{"bucket":"gcf-v2-sources-824074040304-asia-southeast1","object":"ecCreateStudent/function-source.zip","generation":"1771449401506843"}},"dockerRegistry":"ARTIFACT_REGISTRY","serviceAccount":"projects/campus-27dd9/serviceAccounts/824074040304-compute@developer.gserviceaccount.com","automaticUpdatePolicy":{}},"serviceConfig":{"service":"projects/campus-27dd9/locations/asia-southeast1/services/eccreatestudent","timeoutSeconds":60,"environmentVariables":{"FIREBASE_CONFIG":"{\"projectId\":\"campus-27dd9\",\"storageBucket\":\"campus-27dd9.firebasestorage.app\"}","GCLOUD_PROJECT":"campus-27dd9","EVENTARC_CLOUD_EVENT_SOURCE":"projects/campus-27dd9/locations/asia-southeast1/services/ecCreateStudent","FUNCTION_TARGET":"ecCreateStudent","LOG_EXECUTION_ID":"true","FUNCTION_SIGNATURE_TYPE":"http"},"maxInstanceCount":20,"ingressSettings":"ALLOW_ALL","uri":"https://eccreatestudent-7jan6jhp2q-as.a.run.app","serviceAccountEmail":"824074040304-compute@developer.gserviceaccount.com","availableMemory":"256Mi","allTrafficOnLatestRevision":true,"revision":"eccreatestudent-00002-wev","maxInstanceRequestConcurrency":80,"availableCpu":"1"},"state":"ACTIVE","updateTime":"2026-02-18T21:16:50.287403764Z","labels":{"deployment-tool":"cli-firebase","deployment-callable":"true","firebase-functions-hash":"f2ce15fb4dad2140ab29a943073c57da1cd8293a"},"environment":"GEN_2","url":"https://asia-southeast1-campus-27dd9.cloudfunctions.net/ecCreateStudent","satisfiesPzs":true,"createTime":"2026-02-18T21:03:04.710511950Z","satisfiesPzi":true}]}
[error] 
[error] Error: Cannot set CPU on the functions adminCreateUser because they are GCF gen 1
